// Jest Snapshot v1, https://goo.gl/fbAQLP

exports[`CheeseCards renders correctly 1`] = `
Object {
  "asFragment": [Function],
  "baseElement": <body>
    <div>
      <div
        class="MuiBox-root MuiBox-root-2 makeStyles-root-1"
      >
        <div
          class="MuiPaper-root MuiCard-root MuiPaper-elevation1 MuiPaper-rounded"
        >
          <button
            class="MuiButtonBase-root MuiCardActionArea-root"
            tabindex="0"
            type="button"
          >
            <div
              class="MuiCardMedia-root makeStyles-media-3"
              style="background-image: url(https://cheese.com/media/img/cheese/Feta_.jpg);"
              title="Organic Feta"
            />
            <div
              class="MuiCardContent-root"
            >
              <h2
                class="MuiTypography-root MuiTypography-h5 MuiTypography-gutterBottom"
              >
                Organic Feta
              </h2>
              <div
                class="MuiGrid-root MuiGrid-container"
              >
                <div
                  class="MuiGrid-root MuiGrid-item MuiGrid-grid-xs-12"
                />
              </div>
            </div>
            <span
              class="MuiCardActionArea-focusHighlight"
            />
            <span
              class="MuiTouchRipple-root"
            />
          </button>
          <div
            class="MuiCardContent-root"
          >
            <div
              class="MuiGrid-root MuiGrid-container"
            >
              <div
                class="MuiGrid-root MuiGrid-item MuiGrid-grid-xs-12"
              >
                <p
                  class="MuiTypography-root MuiTypography-body1"
                >
                  Color: 
                  white
                </p>
              </div>
              <div
                class="MuiGrid-root MuiGrid-item MuiGrid-grid-xs-12"
              >
                <p
                  class="MuiTypography-root MuiTypography-body1"
                >
                  Price Per Kilo: $
                  5.49
                </p>
              </div>
            </div>
          </div>
        </div>
        <div
          class="MuiPaper-root MuiCard-root MuiPaper-elevation1 MuiPaper-rounded"
        >
          <button
            class="MuiButtonBase-root MuiCardActionArea-root"
            tabindex="0"
            type="button"
          >
            <div
              class="MuiCardMedia-root makeStyles-media-3"
              style="background-image: url(https://cheese.com/media/img/cheese/brie.jpg);"
              title="Somerset Brie"
            />
            <div
              class="MuiCardContent-root"
            >
              <h2
                class="MuiTypography-root MuiTypography-h5 MuiTypography-gutterBottom"
              >
                Somerset Brie
              </h2>
              <div
                class="MuiGrid-root MuiGrid-container"
              >
                <div
                  class="MuiGrid-root MuiGrid-item MuiGrid-grid-xs-12"
                />
              </div>
            </div>
            <span
              class="MuiCardActionArea-focusHighlight"
            />
            <span
              class="MuiTouchRipple-root"
            />
          </button>
          <div
            class="MuiCardContent-root"
          >
            <div
              class="MuiGrid-root MuiGrid-container"
            >
              <div
                class="MuiGrid-root MuiGrid-item MuiGrid-grid-xs-12"
              >
                <p
                  class="MuiTypography-root MuiTypography-body1"
                >
                  Color: 
                  white
                </p>
              </div>
              <div
                class="MuiGrid-root MuiGrid-item MuiGrid-grid-xs-12"
              >
                <p
                  class="MuiTypography-root MuiTypography-body1"
                >
                  Price Per Kilo: $
                  3.25
                </p>
              </div>
            </div>
          </div>
        </div>
        <div
          class="MuiPaper-root MuiCard-root MuiPaper-elevation1 MuiPaper-rounded"
        >
          <button
            class="MuiButtonBase-root MuiCardActionArea-root"
            tabindex="0"
            type="button"
          >
            <div
              class="MuiCardMedia-root makeStyles-media-3"
              style="background-image: url(https://cheese.com/media/img/cheese/1186-mascarpone_australian.jpg);"
              title="Mascarpone (Australian)"
            />
            <div
              class="MuiCardContent-root"
            >
              <h2
                class="MuiTypography-root MuiTypography-h5 MuiTypography-gutterBottom"
              >
                Mascarpone (Australian)
              </h2>
              <div
                class="MuiGrid-root MuiGrid-container"
              >
                <div
                  class="MuiGrid-root MuiGrid-item MuiGrid-grid-xs-12"
                />
              </div>
            </div>
            <span
              class="MuiCardActionArea-focusHighlight"
            />
            <span
              class="MuiTouchRipple-root"
            />
          </button>
          <div
            class="MuiCardContent-root"
          >
            <div
              class="MuiGrid-root MuiGrid-container"
            >
              <div
                class="MuiGrid-root MuiGrid-item MuiGrid-grid-xs-12"
              >
                <p
                  class="MuiTypography-root MuiTypography-body1"
                >
                  Color: 
                  ivory
                </p>
              </div>
              <div
                class="MuiGrid-root MuiGrid-item MuiGrid-grid-xs-12"
              >
                <p
                  class="MuiTypography-root MuiTypography-body1"
                >
                  Price Per Kilo: $
                  1.99
                </p>
              </div>
            </div>
          </div>
        </div>
        <div
          class="MuiPaper-root MuiCard-root MuiPaper-elevation1 MuiPaper-rounded"
        >
          <button
            class="MuiButtonBase-root MuiCardActionArea-root"
            tabindex="0"
            type="button"
          >
            <div
              class="MuiCardMedia-root makeStyles-media-3"
              style="background-image: url(https://cheese.com/media/img/cheese/Cottagecheese.jpg);"
              title="Cottage Cheese (Australian)"
            />
            <div
              class="MuiCardContent-root"
            >
              <h2
                class="MuiTypography-root MuiTypography-h5 MuiTypography-gutterBottom"
              >
                Cottage Cheese (Australian)
              </h2>
              <div
                class="MuiGrid-root MuiGrid-container"
              >
                <div
                  class="MuiGrid-root MuiGrid-item MuiGrid-grid-xs-12"
                />
              </div>
            </div>
            <span
              class="MuiCardActionArea-focusHighlight"
            />
            <span
              class="MuiTouchRipple-root"
            />
          </button>
          <div
            class="MuiCardContent-root"
          >
            <div
              class="MuiGrid-root MuiGrid-container"
            >
              <div
                class="MuiGrid-root MuiGrid-item MuiGrid-grid-xs-12"
              >
                <p
                  class="MuiTypography-root MuiTypography-body1"
                >
                  Color: 
                  white
                </p>
              </div>
              <div
                class="MuiGrid-root MuiGrid-item MuiGrid-grid-xs-12"
              >
                <p
                  class="MuiTypography-root MuiTypography-body1"
                >
                  Price Per Kilo: $
                  3.99
                </p>
              </div>
            </div>
          </div>
        </div>
        <div
          class="MuiPaper-root MuiCard-root MuiPaper-elevation1 MuiPaper-rounded"
        >
          <button
            class="MuiButtonBase-root MuiCardActionArea-root"
            tabindex="0"
            type="button"
          >
            <div
              class="MuiCardMedia-root makeStyles-media-3"
              style="background-image: url(https://cheese.com/media/img/cheese/427px-Sonoma_Dry_Jack.jpg);"
              title="Dry Jack"
            />
            <div
              class="MuiCardContent-root"
            >
              <h2
                class="MuiTypography-root MuiTypography-h5 MuiTypography-gutterBottom"
              >
                Dry Jack
              </h2>
              <div
                class="MuiGrid-root MuiGrid-container"
              >
                <div
                  class="MuiGrid-root MuiGrid-item MuiGrid-grid-xs-12"
                />
              </div>
            </div>
            <span
              class="MuiCardActionArea-focusHighlight"
            />
            <span
              class="MuiTouchRipple-root"
            />
          </button>
          <div
            class="MuiCardContent-root"
          >
            <div
              class="MuiGrid-root MuiGrid-container"
            >
              <div
                class="MuiGrid-root MuiGrid-item MuiGrid-grid-xs-12"
              >
                <p
                  class="MuiTypography-root MuiTypography-body1"
                >
                  Color: 
                  pale yellow
                </p>
              </div>
              <div
                class="MuiGrid-root MuiGrid-item MuiGrid-grid-xs-12"
              >
                <p
                  class="MuiTypography-root MuiTypography-body1"
                >
                  Price Per Kilo: $
                  2.49
                </p>
              </div>
            </div>
          </div>
        </div>
      </div>
    </div>
  </body>,
  "container": <div>
    <div
      class="MuiBox-root MuiBox-root-2 makeStyles-root-1"
    >
      <div
        class="MuiPaper-root MuiCard-root MuiPaper-elevation1 MuiPaper-rounded"
      >
        <button
          class="MuiButtonBase-root MuiCardActionArea-root"
          tabindex="0"
          type="button"
        >
          <div
            class="MuiCardMedia-root makeStyles-media-3"
            style="background-image: url(https://cheese.com/media/img/cheese/Feta_.jpg);"
            title="Organic Feta"
          />
          <div
            class="MuiCardContent-root"
          >
            <h2
              class="MuiTypography-root MuiTypography-h5 MuiTypography-gutterBottom"
            >
              Organic Feta
            </h2>
            <div
              class="MuiGrid-root MuiGrid-container"
            >
              <div
                class="MuiGrid-root MuiGrid-item MuiGrid-grid-xs-12"
              />
            </div>
          </div>
          <span
            class="MuiCardActionArea-focusHighlight"
          />
          <span
            class="MuiTouchRipple-root"
          />
        </button>
        <div
          class="MuiCardContent-root"
        >
          <div
            class="MuiGrid-root MuiGrid-container"
          >
            <div
              class="MuiGrid-root MuiGrid-item MuiGrid-grid-xs-12"
            >
              <p
                class="MuiTypography-root MuiTypography-body1"
              >
                Color: 
                white
              </p>
            </div>
            <div
              class="MuiGrid-root MuiGrid-item MuiGrid-grid-xs-12"
            >
              <p
                class="MuiTypography-root MuiTypography-body1"
              >
                Price Per Kilo: $
                5.49
              </p>
            </div>
          </div>
        </div>
      </div>
      <div
        class="MuiPaper-root MuiCard-root MuiPaper-elevation1 MuiPaper-rounded"
      >
        <button
          class="MuiButtonBase-root MuiCardActionArea-root"
          tabindex="0"
          type="button"
        >
          <div
            class="MuiCardMedia-root makeStyles-media-3"
            style="background-image: url(https://cheese.com/media/img/cheese/brie.jpg);"
            title="Somerset Brie"
          />
          <div
            class="MuiCardContent-root"
          >
            <h2
              class="MuiTypography-root MuiTypography-h5 MuiTypography-gutterBottom"
            >
              Somerset Brie
            </h2>
            <div
              class="MuiGrid-root MuiGrid-container"
            >
              <div
                class="MuiGrid-root MuiGrid-item MuiGrid-grid-xs-12"
              />
            </div>
          </div>
          <span
            class="MuiCardActionArea-focusHighlight"
          />
          <span
            class="MuiTouchRipple-root"
          />
        </button>
        <div
          class="MuiCardContent-root"
        >
          <div
            class="MuiGrid-root MuiGrid-container"
          >
            <div
              class="MuiGrid-root MuiGrid-item MuiGrid-grid-xs-12"
            >
              <p
                class="MuiTypography-root MuiTypography-body1"
              >
                Color: 
                white
              </p>
            </div>
            <div
              class="MuiGrid-root MuiGrid-item MuiGrid-grid-xs-12"
            >
              <p
                class="MuiTypography-root MuiTypography-body1"
              >
                Price Per Kilo: $
                3.25
              </p>
            </div>
          </div>
        </div>
      </div>
      <div
        class="MuiPaper-root MuiCard-root MuiPaper-elevation1 MuiPaper-rounded"
      >
        <button
          class="MuiButtonBase-root MuiCardActionArea-root"
          tabindex="0"
          type="button"
        >
          <div
            class="MuiCardMedia-root makeStyles-media-3"
            style="background-image: url(https://cheese.com/media/img/cheese/1186-mascarpone_australian.jpg);"
            title="Mascarpone (Australian)"
          />
          <div
            class="MuiCardContent-root"
          >
            <h2
              class="MuiTypography-root MuiTypography-h5 MuiTypography-gutterBottom"
            >
              Mascarpone (Australian)
            </h2>
            <div
              class="MuiGrid-root MuiGrid-container"
            >
              <div
                class="MuiGrid-root MuiGrid-item MuiGrid-grid-xs-12"
              />
            </div>
          </div>
          <span
            class="MuiCardActionArea-focusHighlight"
          />
          <span
            class="MuiTouchRipple-root"
          />
        </button>
        <div
          class="MuiCardContent-root"
        >
          <div
            class="MuiGrid-root MuiGrid-container"
          >
            <div
              class="MuiGrid-root MuiGrid-item MuiGrid-grid-xs-12"
            >
              <p
                class="MuiTypography-root MuiTypography-body1"
              >
                Color: 
                ivory
              </p>
            </div>
            <div
              class="MuiGrid-root MuiGrid-item MuiGrid-grid-xs-12"
            >
              <p
                class="MuiTypography-root MuiTypography-body1"
              >
                Price Per Kilo: $
                1.99
              </p>
            </div>
          </div>
        </div>
      </div>
      <div
        class="MuiPaper-root MuiCard-root MuiPaper-elevation1 MuiPaper-rounded"
      >
        <button
          class="MuiButtonBase-root MuiCardActionArea-root"
          tabindex="0"
          type="button"
        >
          <div
            class="MuiCardMedia-root makeStyles-media-3"
            style="background-image: url(https://cheese.com/media/img/cheese/Cottagecheese.jpg);"
            title="Cottage Cheese (Australian)"
          />
          <div
            class="MuiCardContent-root"
          >
            <h2
              class="MuiTypography-root MuiTypography-h5 MuiTypography-gutterBottom"
            >
              Cottage Cheese (Australian)
            </h2>
            <div
              class="MuiGrid-root MuiGrid-container"
            >
              <div
                class="MuiGrid-root MuiGrid-item MuiGrid-grid-xs-12"
              />
            </div>
          </div>
          <span
            class="MuiCardActionArea-focusHighlight"
          />
          <span
            class="MuiTouchRipple-root"
          />
        </button>
        <div
          class="MuiCardContent-root"
        >
          <div
            class="MuiGrid-root MuiGrid-container"
          >
            <div
              class="MuiGrid-root MuiGrid-item MuiGrid-grid-xs-12"
            >
              <p
                class="MuiTypography-root MuiTypography-body1"
              >
                Color: 
                white
              </p>
            </div>
            <div
              class="MuiGrid-root MuiGrid-item MuiGrid-grid-xs-12"
            >
              <p
                class="MuiTypography-root MuiTypography-body1"
              >
                Price Per Kilo: $
                3.99
              </p>
            </div>
          </div>
        </div>
      </div>
      <div
        class="MuiPaper-root MuiCard-root MuiPaper-elevation1 MuiPaper-rounded"
      >
        <button
          class="MuiButtonBase-root MuiCardActionArea-root"
          tabindex="0"
          type="button"
        >
          <div
            class="MuiCardMedia-root makeStyles-media-3"
            style="background-image: url(https://cheese.com/media/img/cheese/427px-Sonoma_Dry_Jack.jpg);"
            title="Dry Jack"
          />
          <div
            class="MuiCardContent-root"
          >
            <h2
              class="MuiTypography-root MuiTypography-h5 MuiTypography-gutterBottom"
            >
              Dry Jack
            </h2>
            <div
              class="MuiGrid-root MuiGrid-container"
            >
              <div
                class="MuiGrid-root MuiGrid-item MuiGrid-grid-xs-12"
              />
            </div>
          </div>
          <span
            class="MuiCardActionArea-focusHighlight"
          />
          <span
            class="MuiTouchRipple-root"
          />
        </button>
        <div
          class="MuiCardContent-root"
        >
          <div
            class="MuiGrid-root MuiGrid-container"
          >
            <div
              class="MuiGrid-root MuiGrid-item MuiGrid-grid-xs-12"
            >
              <p
                class="MuiTypography-root MuiTypography-body1"
              >
                Color: 
                pale yellow
              </p>
            </div>
            <div
              class="MuiGrid-root MuiGrid-item MuiGrid-grid-xs-12"
            >
              <p
                class="MuiTypography-root MuiTypography-body1"
              >
                Price Per Kilo: $
                2.49
              </p>
            </div>
          </div>
        </div>
      </div>
    </div>
  </div>,
  "debug": [Function],
  "findAllByAltText": [Function],
  "findAllByDisplayValue": [Function],
  "findAllByLabelText": [Function],
  "findAllByPlaceholderText": [Function],
  "findAllByRole": [Function],
  "findAllByTestId": [Function],
  "findAllByText": [Function],
  "findAllByTitle": [Function],
  "findByAltText": [Function],
  "findByDisplayValue": [Function],
  "findByLabelText": [Function],
  "findByPlaceholderText": [Function],
  "findByRole": [Function],
  "findByTestId": [Function],
  "findByText": [Function],
  "findByTitle": [Function],
  "getAllByAltText": [Function],
  "getAllByDisplayValue": [Function],
  "getAllByLabelText": [Function],
  "getAllByPlaceholderText": [Function],
  "getAllByRole": [Function],
  "getAllByTestId": [Function],
  "getAllByText": [Function],
  "getAllByTitle": [Function],
  "getByAltText": [Function],
  "getByDisplayValue": [Function],
  "getByLabelText": [Function],
  "getByPlaceholderText": [Function],
  "getByRole": [Function],
  "getByTestId": [Function],
  "getByText": [Function],
  "getByTitle": [Function],
  "queryAllByAltText": [Function],
  "queryAllByDisplayValue": [Function],
  "queryAllByLabelText": [Function],
  "queryAllByPlaceholderText": [Function],
  "queryAllByRole": [Function],
  "queryAllByTestId": [Function],
  "queryAllByText": [Function],
  "queryAllByTitle": [Function],
  "queryByAltText": [Function],
  "queryByDisplayValue": [Function],
  "queryByLabelText": [Function],
  "queryByPlaceholderText": [Function],
  "queryByRole": [Function],
  "queryByTestId": [Function],
  "queryByText": [Function],
  "queryByTitle": [Function],
  "rerender": [Function],
  "unmount": [Function],
}
`;
